200 GET https://www.gulp.de/gulp2/g/projekte?page=1 [text/html]
200 GET https://www.gulp.de/gulp2/g/assets/img/randstad-professional/Randstad_Professional_Logo_Horizontal_Blue.svg [image/svg+xml]
200 GET https://www.gulp.de/gulp2/g/chunk-MX672DDS.js [text/javascript]
200 GET https://www.gulp.de/gulp2/g/chunk-STMNNQFN.js [text/javascript]
200 GET https://www.gulp.de/gulp2/g/chunk-3LKIMN33.js [text/javascript]
200 GET https://www.gulp.de/gulp2/g/chunk-J3U7SYHA.js [text/javascript]
200 GET https://www.gulp.de/gulp2/g/chunk-L7S4TYYL.js [text/javascript]
200 GET https://www.gulp.de/gulp2/g/chunk-OT35U7KN.js [text/javascript]
200 GET https://www.gulp.de/gulp2/g/chunk-Y4P65O76.js [text/javascript]
200 GET https://www.gulp.de/gulp2/g/chunk-RBZZUFVA.js [text/javascript]
200 GET https://www.gulp.de/gulp2/g/polyfills-R5K4VRNJ.js [text/javascript]
200 GET https://www.gulp.de/gulp2/g/main-CYOHXWZW.js [text/javascript]
200 GET https://www.gulp.de/gulp2/g/chunk-F7GCBYVY.js [text/javascript]
200 GET https://www.gulp.de/gulp2/g/chunk-KGTVKDFZ.js [text/javascript]
200 GET https://www.gulp.de/gulp2/g/scripts-B7X5Y6R6.js [text/javascript]
200 GET https://www.gulp.de/gulp2/g/styles-WSV7P2OG.css [text/css]
200 GET https://kit.fontawesome.com/fbf044a3cd.js [text/javascript]
200 GET https://www.gulp.de/gulp2/g/chunk-VIWU4XXG.js [text/javascript]
200 GET https://www.gulp.de/gulp2/g/chunk-KGJBZLNU.js [text/javascript]
200 GET https://www.gulp.de/gulp2/g/chunk-233LFY6R.js [text/javascript]
200 GET https://www.gulp.de/gulp2/g/chunk-P4JRP7MC.js [text/javascript]
200 GET https://www.gulp.de/gulp2/g/chunk-WFMCSPOD.js [text/javascript]
200 GET https://www.gulp.de/gulp2/g/chunk-VEFBAWCB.js [text/javascript]
200 GET https://www.gulp.de/gulp2/g/chunk-Q36THR53.js [text/javascript]
200 GET https://www.gulp.de/gulp2/g/chunk-S4JXQT7V.js [text/javascript]
200 GET https://www.gulp.de/gulp2/g/chunk-6X3HKBDT.js [text/javascript]
200 GET https://www.gulp.de/gulp2/g/chunk-LD5BQLG6.js [text/javascript]
200 GET https://www.gulp.de/gulp2/g/chunk-37AH72KF.js [text/javascript]
200 GET https://www.gulp.de/gulp2/g/chunk-SWCUB727.js [text/javascript]
200 GET https://www.gulp.de/gulp2/g/chunk-BZK2WZME.js [text/javascript]
200 GET https://www.gulp.de/gulp2/g/chunk-YREMPQ3M.js [text/javascript]
200 GET https://ka-p.fontawesome.com/assets/fbf044a3cd/90812257/kit.css?token=fbf044a3cd [text/css]
200 GET https://www.gulp.de/gulp2/g/media/Graphik-Regular-FBQPQPJS.woff2 [font/woff2]
200 GET https://www.gulp.de/gulp2/rest/internal/system/csrf []
200 GET https://www.gulp.de/gulp2/g/chunk-DLBMAHOS.js [text/javascript]
200 GET https://accounts.google.com/gsi/client [application/javascript; charset=utf-8]
200 GET https://www.gulp.de/gulp2/rest/internal/system/account/login/data [application/json]
200 GET https://www.gulp.de/gulp2/rest/internal/system/version?timestamp=1750687203617 [application/json]
200 GET https://www.gulp.de/gulp2/g/chunk-TXIWXM74.js [text/javascript]
200 GET https://ka-p.fontawesome.com/releases/v6.5.1/webfonts/pro-fa-light-300-0.woff2 [font/woff2]
200 GET https://www.gulp.de/gulp2/g/chunk-ZQN6AGDG.js [text/javascript]
204 POST https://www.gulp.de/gulp2/rest/internal/system/log []
200 GET https://accounts.google.com/gsi/style [text/css; charset=utf-8]
200 GET https://www.gulp.de/gulp2/g/chunk-TS2WMFKI.js [text/javascript]
200 GET https://www.gulp.de/gulp2/g/chunk-ZLRNOB7I.js [text/javascript]
200 GET https://www.gulp.de/gulp2/g/chunk-T3CEXETF.js [text/javascript]
200 GET https://www.gulp.de/gulp2/g/chunk-O4HTW4YS.js [text/javascript]
200 GET https://www.gulp.de/gulp2/g/chunk-NNKCMSSQ.js [text/javascript]
200 GET https://www.gulp.de/gulp2/g/chunk-2ZDDDIRV.js [text/javascript]
200 GET https://www.gulp.de/gulp2/g/chunk-BJ5DPEFM.js [text/javascript]
200 GET https://www.gulp.de/gulp2/g/chunk-DVHN7RQX.js [text/javascript]
200 GET https://www.gulp.de/gulp2/g/chunk-D6BKLJW5.js [text/javascript]
200 GET https://www.gulp.de/gulp2/g/chunk-X7FNBMA2.js [text/javascript]
200 GET https://www.gulp.de/gulp2/g/chunk-6Z7NUE7U.js [text/javascript]
200 GET https://www.gulp.de/gulp2/g/chunk-52T4LBRF.js [text/javascript]
200 GET https://www.gulp.de/gulp2/g/chunk-JCZLZAAQ.js [text/javascript]
200 GET https://www.gulp.de/gulp2/g/chunk-3UCBDKYX.js [text/javascript]
200 GET https://www.gulp.de/gulp2/g/chunk-IMVVBCAW.js [text/javascript]
200 GET https://www.gulp.de/gulp2/g/chunk-XLOAZGVI.js [text/javascript]
200 GET https://www.gulp.de/gulp2/g/chunk-ZJUCWILG.js [text/javascript]
200 GET https://www.gulp.de/gulp2/g/chunk-V2FEMQB7.js [text/javascript]
200 GET https://www.gulp.de/gulp2/g/chunk-PKBFDEYK.js [text/javascript]
200 GET https://www.gulp.de/gulp2/g/chunk-BPB3N6BY.js [text/javascript]
200 GET https://www.gulp.de/gulp2/g/chunk-O4GVPTTR.js [text/javascript]
200 GET https://www.gulp.de/gulp2/g/chunk-VZPD4SPF.js [text/javascript]
200 GET https://www.gulp.de/gulp2/g/chunk-EN7V24E5.js [text/javascript]
200 GET https://www.gulp.de/gulp2/g/chunk-BWNHF753.js [text/javascript]
200 GET https://www.gulp.de/gulp2/g/chunk-NEDEIWUM.js [text/javascript]
200 GET https://www.gulp.de/gulp2/g/chunk-TCDCPBGD.js [text/javascript]
200 GET https://www.gulp.de/gulp2/g/chunk-OIDITWNQ.js [text/javascript]
200 GET https://www.gulp.de/gulp2/g/chunk-VDGUXUOA.js [text/javascript]
200 GET https://www.gulp.de/gulp2/g/chunk-S4CFN4DG.js [text/javascript]
200 GET https://www.gulp.de/gulp2/g/chunk-TZPPX7VX.js [text/javascript]
200 GET https://www.gulp.de/gulp2/g/chunk-M2QQMULU.js [text/javascript]
200 GET https://www.gulp.de/gulp2/g/chunk-F2USQGNW.js [text/javascript]
200 GET https://www.gulp.de/gulp2/g/chunk-2VXRI5JY.js [text/javascript]
200 GET https://www.gulp.de/gulp2/g/chunk-UV43L2WC.js [text/javascript]
200 GET https://www.gulp.de/gulp2/g/chunk-6CWQAUKU.js [text/javascript]
200 GET https://www.gulp.de/gulp2/g/chunk-4SOJNPQN.js [text/javascript]
200 GET https://www.gulp.de/gulp2/g/chunk-KKVZKFP5.js [text/javascript]
200 GET https://www.gulp.de/gulp2/g/chunk-KWWVJJT6.js [text/javascript]
200 GET https://www.gulp.de/gulp2/g/chunk-BPZDRDQR.js [text/javascript]
200 GET https://www.gulp.de/gulp2/g/chunk-5IUDTNWV.js [text/javascript]
200 GET https://www.gulp.de/gulp2/g/chunk-AOAHGYIC.js [text/javascript]
200 GET https://www.gulp.de/gulp2/g/chunk-IUJAQG4H.js [text/javascript]
200 GET https://www.gulp.de/gulp2/g/chunk-KFG26F34.js [text/javascript]
200 GET https://www.gulp.de/gulp2/g/chunk-GCTZUOL7.js [text/javascript]
200 GET https://www.gulp.de/gulp2/g/chunk-BHJAQM3A.js [text/javascript]
200 GET https://www.gulp.de/gulp2/g/chunk-JBPHKZTU.js [text/javascript]
200 GET https://www.gulp.de/gulp2/g/chunk-6JNI4LZX.js [text/javascript]
200 GET https://www.gulp.de/gulp2/g/chunk-VTYHDTP5.js [text/javascript]
200 GET https://www.gulp.de/gulp2/g/chunk-LYR3WBLX.js [text/javascript]
200 GET https://www.gulp.de/gulp2/g/chunk-7VAMUHDP.js [text/javascript]
200 GET https://www.gulp.de/gulp2/g/chunk-3A23W4EW.js [text/javascript]
200 GET https://www.gulp.de/gulp2/g/chunk-EOCJYS7E.js [text/javascript]
200 GET https://www.gulp.de/gulp2/g/chunk-LK2ILA6M.js [text/javascript]
200 GET https://www.gulp.de/gulp2/g/chunk-AA2FV4QV.js [text/javascript]
200 GET https://www.gulp.de/gulp2/g/chunk-BASLVPO7.js [text/javascript]
200 GET https://www.gulp.de/gulp2/g/chunk-GG3RF4G7.js [text/javascript]
200 GET https://www.gulp.de/gulp2/g/chunk-L3KZ46B2.js [text/javascript]
200 GET https://www.gulp.de/gulp2/g/chunk-4AECKOLV.js [text/javascript]
200 GET https://www.gulp.de/gulp2/g/chunk-2RUAQGIF.js [text/javascript]
200 GET https://www.gulp.de/gulp2/g/chunk-WLUH72ZP.js [text/javascript]
200 GET https://www.gulp.de/gulp2/g/chunk-ZZCECGRC.js [text/javascript]
200 GET https://www.gulp.de/gulp2/g/chunk-EBQEYVD6.js [text/javascript]
200 GET https://www.gulp.de/gulp2/g/chunk-GXYYS7H4.js [text/javascript]
200 GET https://www.gulp.de/gulp2/g/chunk-N6PUOFIM.js [text/javascript]
200 GET https://www.gulp.de/gulp2/g/chunk-YDXG3B2O.js [text/javascript]
200 GET https://www.gulp.de/gulp2/g/chunk-XPXTRBBH.js [text/javascript]
200 GET https://www.gulp.de/gulp2/g/chunk-2OL6BU4D.js [text/javascript]
200 GET https://www.gulp.de/gulp2/g/chunk-EOCBTHGZ.js [text/javascript]
200 GET https://www.gulp.de/gulp2/g/chunk-7AFDPYE7.js [text/javascript]
200 GET https://www.gulp.de/gulp2/g/chunk-FI73Y76Z.js [text/javascript]
200 GET https://www.gulp.de/gulp2/g/chunk-BVQXHYIL.js [text/javascript]
200 GET https://www.gulp.de/gulp2/g/chunk-FBRNBMXS.js [text/javascript]
200 GET https://www.gulp.de/gulp2/g/chunk-ZCQNVQS5.js [text/javascript]
200 GET https://www.gulp.de/gulp2/g/chunk-ZK6RDQTP.js [text/javascript]
200 GET https://www.gulp.de/gulp2/g/chunk-2HJSQLN7.js [text/javascript]
200 GET https://www.gulp.de/gulp2/g/chunk-MKTC6BQT.js [text/javascript]
200 GET https://www.gulp.de/gulp2/g/chunk-DPNBJPVF.js [text/javascript]
200 GET https://www.gulp.de/gulp2/g/chunk-6NMJBZXN.js [text/javascript]
200 GET https://www.gulp.de/gulp2/rest/internal/system/version?timestamp=1750687204380 [application/json]
200 GET https://www.gulp.de/gulp2/g/assets/img/randstad-professional/Randstad_Professional_Logo_Horizontal_White.svg [image/svg+xml]
204 POST https://www.gulp.de/gulp2/rest/internal/system/log []
200 GET https://www.gulp.de/gulp2/g/chunk-MHSI3IG4.js [text/javascript]
200 GET https://www.gulp.de/gulp2/g/chunk-PP3YTBHN.js [text/javascript]
200 GET https://www.gulp.de/gulp2/g/chunk-CFRZVIJ7.js [text/javascript]
200 GET https://www.gulp.de/gulp2/g/chunk-PZOVV4SU.js [text/javascript]
200 GET https://accounts.google.com/gsi/button?type=standard&size=large&text=continue_with&width=300&shape=rectangular&theme=outline&logo_alignment=center&is_fedcm_supported=false&client_id=228589494990-1211dse5nsg9efp9a65ba76u86p6uhia.apps.googleusercontent.com&iframe_id=gsi_204655_591279&cas=cI2DQD%2F%2BxudRqqI8md7MjwDfk9q3y8Me0uQFlMukUO0&hl=en [text/html; charset=utf-8]
200 POST https://www.gulp.de/gulp2/rest/internal/projects/search [application/json]
200 GET https://www.gulp.de/gulp2/g/assets/img/gulp-logo/GULP-Logo-only_weiss.svg [image/svg+xml]
200 GET https://www.gulp.de/gulp2/rest/internal/system/version?timestamp=1750687204698 [application/json]
200 GET https://ka-p.fontawesome.com/releases/v6.5.1/webfonts/pro-fa-light-300-1.woff2 [font/woff2]
200 GET https://ka-p.fontawesome.com/releases/v6.5.1/webfonts/pro-fa-light-300-12.woff2 [font/woff2]
200 GET https://ka-p.fontawesome.com/releases/v6.5.1/webfonts/pro-fa-light-300-14.woff2 [font/woff2]
200 GET https://ka-p.fontawesome.com/releases/v6.5.1/webfonts/pro-fa-light-300-13.woff2 [font/woff2]
200 GET https://ka-p.fontawesome.com/releases/v6.5.1/webfonts/pro-fa-light-300-20.woff2 [font/woff2]
200 GET https://www.gulp.de/jsonapi/menu_items/main-de [application/vnd.api+json]
200 GET https://ka-p.fontawesome.com/releases/v6.5.1/webfonts/pro-fa-light-300-4.woff2 [font/woff2]
200 GET https://ka-p.fontawesome.com/releases/v6.5.1/webfonts/pro-fa-brands-400-0.woff2 [font/woff2]
200 GET https://ka-p.fontawesome.com/releases/v6.5.1/webfonts/pro-fa-brands-400-1.woff2 [font/woff2]
200 GET https://www.acg-gmbh.de/media/logo/logo.png [image/png]
200 GET https://www.gulp.de/api/v1/external_teaser?count=1&lang=de&type=projekte [application/json]
200 GET https://ka-p.fontawesome.com/releases/v6.5.1/webfonts/pro-fa-solid-900-0.woff2 [font/woff2]
200 GET https://www.gulp.de/themes/master_theme/src/images/icons-white-negative/icon-award-white.svg [image/svg+xml]
202 POST https://apm.prod.gulp.de/intake/v2/rum/events []
200 GET https://www.iqplus.ch/wp-content/uploads/2021/04/IQ-Plus-Logo-Ohne-Claim-RGB-2.svg [image/svg+xml]
200 POST https://play.google.com/log?format=json&hasfast=true&authuser=0 [text/plain; charset=UTF-8]
504 GET https://www.gulp.de/firma/img/big/solcom.png [text/html]
200 GET https://www.gulp.de/gulp2/g/projekte?page=2 [text/html]
200 GET https://kit.fontawesome.com/fbf044a3cd.js [text/javascript]
200 GET https://www.gulp.de/gulp2/g/assets/img/randstad-professional/Randstad_Professional_Logo_Horizontal_Blue.svg [image/svg+xml]
200 GET https://www.gulp.de/gulp2/g/scripts-B7X5Y6R6.js [text/javascript]
200 GET https://www.gulp.de/gulp2/g/styles-WSV7P2OG.css [text/css]
200 GET https://www.gulp.de/gulp2/g/chunk-STMNNQFN.js [text/javascript]
200 GET https://www.gulp.de/gulp2/g/chunk-MX672DDS.js [text/javascript]
200 GET https://www.gulp.de/gulp2/g/chunk-J3U7SYHA.js [text/javascript]
200 GET https://www.gulp.de/gulp2/g/media/Graphik-Regular-FBQPQPJS.woff2 [font/woff2]
200 GET https://www.gulp.de/gulp2/g/chunk-L7S4TYYL.js [text/javascript]
200 GET https://www.gulp.de/gulp2/g/chunk-3LKIMN33.js [text/javascript]
200 GET https://www.gulp.de/gulp2/g/chunk-Y4P65O76.js [text/javascript]
200 GET https://www.gulp.de/gulp2/g/chunk-RBZZUFVA.js [text/javascript]
200 GET https://www.gulp.de/gulp2/g/chunk-OT35U7KN.js [text/javascript]
200 GET https://www.gulp.de/gulp2/g/chunk-KGTVKDFZ.js [text/javascript]
200 GET https://www.gulp.de/gulp2/g/chunk-F7GCBYVY.js [text/javascript]
200 GET https://www.gulp.de/gulp2/g/polyfills-R5K4VRNJ.js [text/javascript]
200 GET https://www.gulp.de/gulp2/g/main-CYOHXWZW.js [text/javascript]
200 GET https://ka-p.fontawesome.com/assets/fbf044a3cd/90812257/kit.css?token=fbf044a3cd [text/css]
200 GET https://ka-p.fontawesome.com/releases/v6.5.1/webfonts/pro-fa-solid-900-0.woff2 [font/woff2]
200 GET https://ka-p.fontawesome.com/releases/v6.5.1/webfonts/pro-fa-light-300-20.woff2 [font/woff2]
200 GET https://ka-p.fontawesome.com/releases/v6.5.1/webfonts/pro-fa-light-300-14.woff2 [font/woff2]
200 GET https://ka-p.fontawesome.com/releases/v6.5.1/webfonts/pro-fa-light-300-13.woff2 [font/woff2]
200 GET https://ka-p.fontawesome.com/releases/v6.5.1/webfonts/pro-fa-light-300-12.woff2 [font/woff2]
200 GET https://ka-p.fontawesome.com/releases/v6.5.1/webfonts/pro-fa-light-300-4.woff2 [font/woff2]
200 GET https://ka-p.fontawesome.com/releases/v6.5.1/webfonts/pro-fa-light-300-1.woff2 [font/woff2]
200 GET https://ka-p.fontawesome.com/releases/v6.5.1/webfonts/pro-fa-light-300-0.woff2 [font/woff2]
200 GET https://ka-p.fontawesome.com/releases/v6.5.1/webfonts/pro-fa-brands-400-1.woff2 [font/woff2]
200 GET https://ka-p.fontawesome.com/releases/v6.5.1/webfonts/pro-fa-brands-400-0.woff2 [font/woff2]
200 GET https://www.gulp.de/gulp2/g/chunk-VIWU4XXG.js [text/javascript]
200 GET https://www.gulp.de/gulp2/g/chunk-KGJBZLNU.js [text/javascript]
200 GET https://www.gulp.de/gulp2/g/chunk-233LFY6R.js [text/javascript]
200 GET https://www.gulp.de/gulp2/g/chunk-P4JRP7MC.js [text/javascript]
200 GET https://www.gulp.de/gulp2/g/chunk-WFMCSPOD.js [text/javascript]
200 GET https://www.gulp.de/gulp2/g/chunk-VEFBAWCB.js [text/javascript]
200 GET https://www.gulp.de/gulp2/g/chunk-Q36THR53.js [text/javascript]
200 GET https://www.gulp.de/gulp2/g/chunk-S4JXQT7V.js [text/javascript]
200 GET https://www.gulp.de/gulp2/g/chunk-6X3HKBDT.js [text/javascript]
200 GET https://www.gulp.de/gulp2/g/chunk-LD5BQLG6.js [text/javascript]
200 GET https://www.gulp.de/gulp2/g/chunk-37AH72KF.js [text/javascript]
200 GET https://www.gulp.de/gulp2/g/chunk-SWCUB727.js [text/javascript]
200 GET https://www.gulp.de/gulp2/g/chunk-BZK2WZME.js [text/javascript]
200 GET https://www.gulp.de/gulp2/g/chunk-YREMPQ3M.js [text/javascript]
200 GET https://www.gulp.de/gulp2/rest/internal/system/csrf []
200 GET https://www.gulp.de/gulp2/g/chunk-DLBMAHOS.js [text/javascript]
200 GET https://www.gulp.de/gulp2/g/chunk-ZQN6AGDG.js [text/javascript]
200 GET https://accounts.google.com/gsi/client [application/javascript; charset=utf-8]
200 GET https://www.gulp.de/gulp2/rest/internal/system/account/login/data [application/json]
200 GET https://www.gulp.de/gulp2/rest/internal/system/version?timestamp=1750687217466 [application/json]
200 GET https://www.gulp.de/gulp2/g/chunk-TXIWXM74.js [text/javascript]
200 GET https://www.gulp.de/gulp2/g/chunk-ZLRNOB7I.js [text/javascript]
200 GET https://www.gulp.de/gulp2/g/chunk-NNKCMSSQ.js [text/javascript]
200 GET https://www.gulp.de/gulp2/g/chunk-T3CEXETF.js [text/javascript]
200 GET https://www.gulp.de/gulp2/g/chunk-2ZDDDIRV.js [text/javascript]
200 GET https://www.gulp.de/gulp2/g/chunk-O4HTW4YS.js [text/javascript]
200 GET https://www.gulp.de/gulp2/g/chunk-BJ5DPEFM.js [text/javascript]
200 GET https://www.gulp.de/gulp2/g/chunk-D6BKLJW5.js [text/javascript]
200 GET https://www.gulp.de/gulp2/g/chunk-6Z7NUE7U.js [text/javascript]
200 GET https://www.gulp.de/gulp2/g/chunk-BPB3N6BY.js [text/javascript]
200 GET https://www.gulp.de/gulp2/g/chunk-DVHN7RQX.js [text/javascript]
200 GET https://www.gulp.de/gulp2/g/chunk-X7FNBMA2.js [text/javascript]
200 GET https://www.gulp.de/gulp2/g/chunk-ZJUCWILG.js [text/javascript]
200 GET https://www.gulp.de/gulp2/g/chunk-52T4LBRF.js [text/javascript]
200 GET https://www.gulp.de/gulp2/g/chunk-JCZLZAAQ.js [text/javascript]
200 GET https://www.gulp.de/gulp2/g/chunk-PKBFDEYK.js [text/javascript]
200 GET https://www.gulp.de/gulp2/g/chunk-IMVVBCAW.js [text/javascript]
200 GET https://www.gulp.de/gulp2/g/chunk-XLOAZGVI.js [text/javascript]
200 GET https://www.gulp.de/gulp2/g/chunk-3UCBDKYX.js [text/javascript]
200 GET https://www.gulp.de/gulp2/g/chunk-V2FEMQB7.js [text/javascript]
200 GET https://accounts.google.com/gsi/style [text/css; charset=utf-8]
200 GET https://www.gulp.de/gulp2/g/chunk-TS2WMFKI.js [text/javascript]
204 POST https://www.gulp.de/gulp2/rest/internal/system/log []
200 GET https://www.gulp.de/gulp2/g/chunk-O4GVPTTR.js [text/javascript]
200 GET https://www.gulp.de/gulp2/g/chunk-EN7V24E5.js [text/javascript]
200 GET https://www.gulp.de/gulp2/g/chunk-NEDEIWUM.js [text/javascript]
200 GET https://www.gulp.de/gulp2/g/chunk-TCDCPBGD.js [text/javascript]
200 GET https://www.gulp.de/gulp2/g/chunk-BWNHF753.js [text/javascript]
200 GET https://www.gulp.de/gulp2/g/chunk-VZPD4SPF.js [text/javascript]
200 GET https://www.gulp.de/gulp2/g/chunk-VDGUXUOA.js [text/javascript]
200 GET https://www.gulp.de/gulp2/g/chunk-OIDITWNQ.js [text/javascript]
200 GET https://www.gulp.de/gulp2/g/chunk-TZPPX7VX.js [text/javascript]
200 GET https://www.gulp.de/gulp2/g/chunk-S4CFN4DG.js [text/javascript]
200 GET https://www.gulp.de/gulp2/g/chunk-F2USQGNW.js [text/javascript]
200 GET https://www.gulp.de/gulp2/g/chunk-M2QQMULU.js [text/javascript]
200 GET https://www.gulp.de/gulp2/g/chunk-2VXRI5JY.js [text/javascript]
200 GET https://www.gulp.de/gulp2/g/chunk-UV43L2WC.js [text/javascript]
200 GET https://www.gulp.de/gulp2/g/chunk-6CWQAUKU.js [text/javascript]
200 GET https://www.gulp.de/gulp2/g/chunk-4SOJNPQN.js [text/javascript]
200 GET https://www.gulp.de/gulp2/g/chunk-KWWVJJT6.js [text/javascript]
200 GET https://www.gulp.de/gulp2/g/chunk-5IUDTNWV.js [text/javascript]
200 GET https://www.gulp.de/gulp2/g/chunk-BPZDRDQR.js [text/javascript]
200 GET https://www.gulp.de/gulp2/g/chunk-KKVZKFP5.js [text/javascript]
200 GET https://www.gulp.de/gulp2/g/chunk-AOAHGYIC.js [text/javascript]
200 GET https://www.gulp.de/gulp2/g/chunk-JBPHKZTU.js [text/javascript]
200 GET https://www.gulp.de/gulp2/g/chunk-IUJAQG4H.js [text/javascript]
200 GET https://www.gulp.de/gulp2/g/chunk-KFG26F34.js [text/javascript]
200 GET https://www.gulp.de/gulp2/g/chunk-GCTZUOL7.js [text/javascript]
200 GET https://www.gulp.de/gulp2/g/chunk-BHJAQM3A.js [text/javascript]
200 GET https://www.gulp.de/gulp2/g/chunk-6JNI4LZX.js [text/javascript]
200 GET https://www.gulp.de/gulp2/g/chunk-VTYHDTP5.js [text/javascript]
200 GET https://www.gulp.de/gulp2/g/chunk-ZZCECGRC.js [text/javascript]
200 GET https://www.gulp.de/gulp2/g/chunk-N6PUOFIM.js [text/javascript]
200 GET https://www.gulp.de/gulp2/g/chunk-4AECKOLV.js [text/javascript]
200 GET https://www.gulp.de/gulp2/g/chunk-7VAMUHDP.js [text/javascript]
200 GET https://www.gulp.de/gulp2/g/chunk-WLUH72ZP.js [text/javascript]
200 GET https://www.gulp.de/gulp2/g/chunk-EBQEYVD6.js [text/javascript]
200 GET https://www.gulp.de/gulp2/g/chunk-L3KZ46B2.js [text/javascript]
200 GET https://www.gulp.de/gulp2/g/chunk-LYR3WBLX.js [text/javascript]
200 GET https://www.gulp.de/gulp2/g/chunk-YDXG3B2O.js [text/javascript]
200 GET https://www.gulp.de/gulp2/g/chunk-EOCJYS7E.js [text/javascript]
200 GET https://www.gulp.de/gulp2/g/chunk-AA2FV4QV.js [text/javascript]
200 GET https://www.gulp.de/gulp2/g/chunk-BASLVPO7.js [text/javascript]
200 GET https://www.gulp.de/gulp2/g/chunk-GXYYS7H4.js [text/javascript]
200 GET https://www.gulp.de/gulp2/g/chunk-GG3RF4G7.js [text/javascript]
200 GET https://www.gulp.de/gulp2/g/chunk-3A23W4EW.js [text/javascript]
200 GET https://www.gulp.de/gulp2/g/chunk-LK2ILA6M.js [text/javascript]
200 GET https://www.gulp.de/gulp2/g/chunk-2RUAQGIF.js [text/javascript]
200 GET https://www.gulp.de/gulp2/g/chunk-FI73Y76Z.js [text/javascript]
200 GET https://www.gulp.de/gulp2/g/chunk-EOCBTHGZ.js [text/javascript]
200 GET https://www.gulp.de/gulp2/g/chunk-7AFDPYE7.js [text/javascript]
200 GET https://www.gulp.de/gulp2/g/chunk-MKTC6BQT.js [text/javascript]
200 GET https://www.gulp.de/gulp2/g/chunk-FBRNBMXS.js [text/javascript]
200 GET https://www.gulp.de/gulp2/g/chunk-2OL6BU4D.js [text/javascript]
200 GET https://www.gulp.de/gulp2/g/chunk-XPXTRBBH.js [text/javascript]
200 GET https://www.gulp.de/gulp2/g/chunk-DPNBJPVF.js [text/javascript]
200 GET https://www.gulp.de/gulp2/g/chunk-6NMJBZXN.js [text/javascript]
200 GET https://www.gulp.de/gulp2/g/chunk-ZCQNVQS5.js [text/javascript]
200 GET https://www.gulp.de/gulp2/g/chunk-ZK6RDQTP.js [text/javascript]
200 GET https://www.gulp.de/gulp2/g/chunk-BVQXHYIL.js [text/javascript]
200 GET https://www.gulp.de/gulp2/g/chunk-2HJSQLN7.js [text/javascript]
200 GET https://www.gulp.de/gulp2/g/assets/img/randstad-professional/Randstad_Professional_Logo_Horizontal_White.svg [image/svg+xml]
200 GET https://www.gulp.de/gulp2/g/assets/img/gulp-logo/GULP-Logo-only_weiss.svg [image/svg+xml]
200 GET https://www.gulp.de/gulp2/g/chunk-MHSI3IG4.js [text/javascript]
200 GET https://www.gulp.de/gulp2/g/chunk-PP3YTBHN.js [text/javascript]
200 GET https://www.gulp.de/gulp2/g/chunk-CFRZVIJ7.js [text/javascript]
200 GET https://www.gulp.de/gulp2/g/chunk-PZOVV4SU.js [text/javascript]
200 GET https://www.gulp.de/gulp2/rest/internal/system/version?timestamp=1750687217825 [application/json]
200 GET https://accounts.google.com/gsi/button?type=standard&size=large&text=continue_with&width=300&shape=rectangular&theme=outline&logo_alignment=center&is_fedcm_supported=false&client_id=228589494990-1211dse5nsg9efp9a65ba76u86p6uhia.apps.googleusercontent.com&iframe_id=gsi_218083_974600&cas=1glDNJ%2B6atcdorvY8NNQkG04WFzb7jUC8hJyRNqAy8M&hl=en [text/html; charset=utf-8]
204 POST https://www.gulp.de/gulp2/rest/internal/system/log []
200 GET https://www.gulp.de/jsonapi/menu_items/main-de [application/vnd.api+json]
200 POST https://www.gulp.de/gulp2/rest/internal/projects/search [application/json]
200 GET https://www.gulp.de/gulp2/rest/internal/system/version?timestamp=1750687218093 [application/json]
202 POST https://apm.prod.gulp.de/intake/v2/rum/events []
504 GET https://www.gulp.de/firma/img/big/passglobal.png [text/html]
200 POST https://play.google.com/log?format=json&hasfast=true&authuser=0 [text/plain; charset=UTF-8]
200 GET https://www.gulp.de/gulp2/g/projekte?page=3 [text/html]
200 GET https://kit.fontawesome.com/fbf044a3cd.js [text/javascript]
200 GET https://www.gulp.de/gulp2/g/assets/img/randstad-professional/Randstad_Professional_Logo_Horizontal_Blue.svg [image/svg+xml]
200 GET https://www.gulp.de/gulp2/g/scripts-B7X5Y6R6.js [text/javascript]
200 GET https://www.gulp.de/gulp2/g/chunk-STMNNQFN.js [text/javascript]
200 GET https://www.gulp.de/gulp2/g/styles-WSV7P2OG.css [text/css]
200 GET https://www.gulp.de/gulp2/g/chunk-MX672DDS.js [text/javascript]
200 GET https://www.gulp.de/gulp2/g/chunk-J3U7SYHA.js [text/javascript]
200 GET https://www.gulp.de/gulp2/g/chunk-L7S4TYYL.js [text/javascript]
200 GET https://www.gulp.de/gulp2/g/chunk-3LKIMN33.js [text/javascript]
200 GET https://www.gulp.de/gulp2/g/chunk-Y4P65O76.js [text/javascript]
200 GET https://www.gulp.de/gulp2/g/chunk-RBZZUFVA.js [text/javascript]
200 GET https://www.gulp.de/gulp2/g/chunk-OT35U7KN.js [text/javascript]
200 GET https://www.gulp.de/gulp2/g/chunk-KGTVKDFZ.js [text/javascript]
200 GET https://www.gulp.de/gulp2/g/chunk-F7GCBYVY.js [text/javascript]
200 GET https://www.gulp.de/gulp2/g/polyfills-R5K4VRNJ.js [text/javascript]
200 GET https://www.gulp.de/gulp2/g/main-CYOHXWZW.js [text/javascript]
200 GET https://www.gulp.de/gulp2/g/media/Graphik-Regular-FBQPQPJS.woff2 [font/woff2]
200 GET https://ka-p.fontawesome.com/assets/fbf044a3cd/90812257/kit.css?token=fbf044a3cd [text/css]
200 GET https://www.gulp.de/gulp2/g/chunk-VIWU4XXG.js [text/javascript]
200 GET https://www.gulp.de/gulp2/g/chunk-KGJBZLNU.js [text/javascript]
200 GET https://www.gulp.de/gulp2/g/chunk-233LFY6R.js [text/javascript]
200 GET https://www.gulp.de/gulp2/g/chunk-P4JRP7MC.js [text/javascript]
200 GET https://www.gulp.de/gulp2/g/chunk-WFMCSPOD.js [text/javascript]
200 GET https://www.gulp.de/gulp2/g/chunk-VEFBAWCB.js [text/javascript]
200 GET https://www.gulp.de/gulp2/g/chunk-Q36THR53.js [text/javascript]
200 GET https://www.gulp.de/gulp2/g/chunk-S4JXQT7V.js [text/javascript]
200 GET https://www.gulp.de/gulp2/g/chunk-6X3HKBDT.js [text/javascript]
200 GET https://www.gulp.de/gulp2/g/chunk-LD5BQLG6.js [text/javascript]
200 GET https://www.gulp.de/gulp2/g/chunk-37AH72KF.js [text/javascript]
200 GET https://www.gulp.de/gulp2/g/chunk-SWCUB727.js [text/javascript]
200 GET https://www.gulp.de/gulp2/g/chunk-BZK2WZME.js [text/javascript]
200 GET https://www.gulp.de/gulp2/g/chunk-YREMPQ3M.js [text/javascript]
200 GET https://ka-p.fontawesome.com/releases/v6.5.1/webfonts/pro-fa-solid-900-0.woff2 [font/woff2]
200 GET https://ka-p.fontawesome.com/releases/v6.5.1/webfonts/pro-fa-light-300-20.woff2 [font/woff2]
200 GET https://ka-p.fontawesome.com/releases/v6.5.1/webfonts/pro-fa-light-300-14.woff2 [font/woff2]
200 GET https://ka-p.fontawesome.com/releases/v6.5.1/webfonts/pro-fa-light-300-13.woff2 [font/woff2]
200 GET https://ka-p.fontawesome.com/releases/v6.5.1/webfonts/pro-fa-light-300-12.woff2 [font/woff2]
200 GET https://ka-p.fontawesome.com/releases/v6.5.1/webfonts/pro-fa-light-300-4.woff2 [font/woff2]
200 GET https://ka-p.fontawesome.com/releases/v6.5.1/webfonts/pro-fa-light-300-1.woff2 [font/woff2]
200 GET https://ka-p.fontawesome.com/releases/v6.5.1/webfonts/pro-fa-light-300-0.woff2 [font/woff2]
200 GET https://ka-p.fontawesome.com/releases/v6.5.1/webfonts/pro-fa-brands-400-1.woff2 [font/woff2]
200 GET https://ka-p.fontawesome.com/releases/v6.5.1/webfonts/pro-fa-brands-400-0.woff2 [font/woff2]
200 GET https://www.gulp.de/gulp2/rest/internal/system/csrf []
200 GET https://www.gulp.de/gulp2/g/chunk-DLBMAHOS.js [text/javascript]
200 GET https://www.gulp.de/gulp2/g/chunk-ZQN6AGDG.js [text/javascript]
200 GET https://accounts.google.com/gsi/client [application/javascript; charset=utf-8]
200 GET https://www.gulp.de/gulp2/rest/internal/system/account/login/data [application/json]
200 GET https://www.gulp.de/gulp2/g/chunk-TXIWXM74.js [text/javascript]
200 GET https://www.gulp.de/gulp2/rest/internal/system/version?timestamp=1750687231076 [application/json]
200 GET https://www.gulp.de/gulp2/g/chunk-TS2WMFKI.js [text/javascript]
200 GET https://www.gulp.de/gulp2/g/chunk-ZLRNOB7I.js [text/javascript]
200 GET https://www.gulp.de/gulp2/g/chunk-NNKCMSSQ.js [text/javascript]
200 GET https://www.gulp.de/gulp2/g/chunk-T3CEXETF.js [text/javascript]
200 GET https://www.gulp.de/gulp2/g/chunk-2ZDDDIRV.js [text/javascript]
200 GET https://www.gulp.de/gulp2/g/chunk-O4HTW4YS.js [text/javascript]
200 GET https://www.gulp.de/gulp2/g/chunk-BJ5DPEFM.js [text/javascript]
200 GET https://www.gulp.de/gulp2/g/chunk-D6BKLJW5.js [text/javascript]
200 GET https://www.gulp.de/gulp2/g/chunk-6Z7NUE7U.js [text/javascript]
200 GET https://www.gulp.de/gulp2/g/chunk-BPB3N6BY.js [text/javascript]
200 GET https://www.gulp.de/gulp2/g/chunk-DVHN7RQX.js [text/javascript]
200 GET https://www.gulp.de/gulp2/g/chunk-X7FNBMA2.js [text/javascript]
200 GET https://www.gulp.de/gulp2/g/chunk-ZJUCWILG.js [text/javascript]
200 GET https://www.gulp.de/gulp2/g/chunk-52T4LBRF.js [text/javascript]
200 GET https://www.gulp.de/gulp2/g/chunk-JCZLZAAQ.js [text/javascript]
200 GET https://www.gulp.de/gulp2/g/chunk-PKBFDEYK.js [text/javascript]
200 GET https://www.gulp.de/gulp2/g/chunk-IMVVBCAW.js [text/javascript]
200 GET https://www.gulp.de/gulp2/g/chunk-XLOAZGVI.js [text/javascript]
200 GET https://www.gulp.de/gulp2/g/chunk-3UCBDKYX.js [text/javascript]
200 GET https://www.gulp.de/gulp2/g/chunk-V2FEMQB7.js [text/javascript]
204 POST https://www.gulp.de/gulp2/rest/internal/system/log []
200 GET https://accounts.google.com/gsi/style [text/css; charset=utf-8]
200 GET https://www.gulp.de/gulp2/g/chunk-O4GVPTTR.js [text/javascript]
200 GET https://www.gulp.de/gulp2/g/chunk-LK2ILA6M.js [text/javascript]
200 GET https://www.gulp.de/gulp2/g/chunk-EOCBTHGZ.js [text/javascript]
200 GET https://www.gulp.de/gulp2/g/chunk-EN7V24E5.js [text/javascript]
200 GET https://www.gulp.de/gulp2/g/chunk-NEDEIWUM.js [text/javascript]
200 GET https://www.gulp.de/gulp2/g/chunk-TCDCPBGD.js [text/javascript]
200 GET https://www.gulp.de/gulp2/g/chunk-BWNHF753.js [text/javascript]
200 GET https://www.gulp.de/gulp2/g/chunk-VZPD4SPF.js [text/javascript]
200 GET https://www.gulp.de/gulp2/g/chunk-VDGUXUOA.js [text/javascript]
200 GET https://www.gulp.de/gulp2/g/chunk-OIDITWNQ.js [text/javascript]
200 GET https://www.gulp.de/gulp2/g/chunk-TZPPX7VX.js [text/javascript]
200 GET https://www.gulp.de/gulp2/g/chunk-S4CFN4DG.js [text/javascript]
200 GET https://www.gulp.de/gulp2/g/chunk-F2USQGNW.js [text/javascript]
200 GET https://www.gulp.de/gulp2/g/chunk-M2QQMULU.js [text/javascript]
200 GET https://www.gulp.de/gulp2/g/chunk-2VXRI5JY.js [text/javascript]
200 GET https://www.gulp.de/gulp2/g/chunk-UV43L2WC.js [text/javascript]
200 GET https://www.gulp.de/gulp2/g/chunk-6CWQAUKU.js [text/javascript]
200 GET https://www.gulp.de/gulp2/g/chunk-4SOJNPQN.js [text/javascript]
200 GET https://www.gulp.de/gulp2/g/chunk-KWWVJJT6.js [text/javascript]
200 GET https://www.gulp.de/gulp2/g/chunk-5IUDTNWV.js [text/javascript]
200 GET https://www.gulp.de/gulp2/g/chunk-BPZDRDQR.js [text/javascript]
200 GET https://www.gulp.de/gulp2/g/chunk-KKVZKFP5.js [text/javascript]
200 GET https://www.gulp.de/gulp2/g/chunk-AOAHGYIC.js [text/javascript]
200 GET https://www.gulp.de/gulp2/g/chunk-JBPHKZTU.js [text/javascript]
200 GET https://www.gulp.de/gulp2/g/chunk-IUJAQG4H.js [text/javascript]
200 GET https://www.gulp.de/gulp2/g/chunk-KFG26F34.js [text/javascript]
200 GET https://www.gulp.de/gulp2/g/chunk-GCTZUOL7.js [text/javascript]
200 GET https://www.gulp.de/gulp2/g/chunk-BHJAQM3A.js [text/javascript]
200 GET https://www.gulp.de/gulp2/g/chunk-6JNI4LZX.js [text/javascript]
200 GET https://www.gulp.de/gulp2/g/chunk-VTYHDTP5.js [text/javascript]
200 GET https://www.gulp.de/gulp2/g/chunk-ZZCECGRC.js [text/javascript]
200 GET https://www.gulp.de/gulp2/g/chunk-N6PUOFIM.js [text/javascript]
200 GET https://www.gulp.de/gulp2/g/chunk-4AECKOLV.js [text/javascript]
200 GET https://www.gulp.de/gulp2/g/chunk-7VAMUHDP.js [text/javascript]
200 GET https://www.gulp.de/gulp2/g/chunk-WLUH72ZP.js [text/javascript]
200 GET https://www.gulp.de/gulp2/g/chunk-EBQEYVD6.js [text/javascript]
200 GET https://www.gulp.de/gulp2/g/chunk-L3KZ46B2.js [text/javascript]
200 GET https://www.gulp.de/gulp2/g/chunk-LYR3WBLX.js [text/javascript]
200 GET https://www.gulp.de/gulp2/g/chunk-YDXG3B2O.js [text/javascript]
200 GET https://www.gulp.de/gulp2/g/chunk-EOCJYS7E.js [text/javascript]
200 GET https://www.gulp.de/gulp2/g/chunk-AA2FV4QV.js [text/javascript]
200 GET https://www.gulp.de/gulp2/g/chunk-BASLVPO7.js [text/javascript]
200 GET https://www.gulp.de/gulp2/g/chunk-GXYYS7H4.js [text/javascript]
200 GET https://www.gulp.de/gulp2/g/chunk-GG3RF4G7.js [text/javascript]
200 GET https://www.gulp.de/gulp2/g/chunk-3A23W4EW.js [text/javascript]
200 GET https://www.gulp.de/gulp2/g/chunk-2RUAQGIF.js [text/javascript]
200 GET https://www.gulp.de/gulp2/g/chunk-FI73Y76Z.js [text/javascript]
200 GET https://www.gulp.de/gulp2/g/chunk-7AFDPYE7.js [text/javascript]
200 GET https://www.gulp.de/gulp2/g/chunk-MKTC6BQT.js [text/javascript]
200 GET https://www.gulp.de/gulp2/g/chunk-FBRNBMXS.js [text/javascript]
200 GET https://www.gulp.de/gulp2/g/chunk-2OL6BU4D.js [text/javascript]
200 GET https://www.gulp.de/gulp2/g/chunk-XPXTRBBH.js [text/javascript]
200 GET https://www.gulp.de/gulp2/g/chunk-DPNBJPVF.js [text/javascript]
200 GET https://www.gulp.de/gulp2/g/chunk-6NMJBZXN.js [text/javascript]
200 GET https://www.gulp.de/gulp2/g/chunk-ZCQNVQS5.js [text/javascript]
200 GET https://www.gulp.de/gulp2/g/chunk-ZK6RDQTP.js [text/javascript]
200 GET https://www.gulp.de/gulp2/g/chunk-BVQXHYIL.js [text/javascript]
200 GET https://www.gulp.de/gulp2/g/chunk-2HJSQLN7.js [text/javascript]
200 GET https://www.gulp.de/gulp2/g/assets/img/randstad-professional/Randstad_Professional_Logo_Horizontal_White.svg [image/svg+xml]
200 GET https://www.gulp.de/gulp2/g/assets/img/gulp-logo/GULP-Logo-only_weiss.svg [image/svg+xml]
200 GET https://www.gulp.de/gulp2/rest/internal/system/version?timestamp=1750687231505 [application/json]
204 POST https://www.gulp.de/gulp2/rest/internal/system/log []
200 GET https://accounts.google.com/gsi/button?type=standard&size=large&text=continue_with&width=300&shape=rectangular&theme=outline&logo_alignment=center&is_fedcm_supported=false&client_id=228589494990-1211dse5nsg9efp9a65ba76u86p6uhia.apps.googleusercontent.com&iframe_id=gsi_231714_197281&cas=tMcfK%2F54aDPFEpQdOqBr2axA3VUvx%2F5Boy4BmnAVIEA&hl=en [text/html; charset=utf-8]
200 GET https://www.gulp.de/jsonapi/menu_items/main-de [application/vnd.api+json]
200 GET https://www.gulp.de/gulp2/g/chunk-MHSI3IG4.js [text/javascript]
200 GET https://www.gulp.de/gulp2/g/chunk-PP3YTBHN.js [text/javascript]
200 GET https://www.gulp.de/gulp2/g/chunk-CFRZVIJ7.js [text/javascript]
200 GET https://www.gulp.de/gulp2/g/chunk-PZOVV4SU.js [text/javascript]
200 POST https://www.gulp.de/gulp2/rest/internal/projects/search [application/json]
200 GET https://www.acg-gmbh.de/media/logo/logo.png [image/png]
200 GET https://www.gulp.de/gulp2/rest/internal/system/version?timestamp=1750687231729 [application/json]
202 POST https://apm.prod.gulp.de/intake/v2/rum/events []
200 POST https://play.google.com/log?format=json&hasfast=true&authuser=0 [text/plain; charset=UTF-8]